192.168.1.10 - - [06/Oct/2026:14:32:10 +0000] "POST /login HTTP/1.1" 401 128
10.0.0.5 - - [07/Oct/2026:10:00:00 +0000] "GET / HTTP/1.1" 200 50